#-----------------------------------------------------------
# Vivado v2023.1 (64-bit)
# SW Build 3865809 on Sun May  7 15:05:29 MDT 2023
# IP Build 3864474 on Sun May  7 20:36:21 MDT 2023
# SharedData Build 3865790 on Sun May 07 13:33:03 MDT 2023
# Start of session at: Wed Jan 17 02:00:45 2024
# Process ID: 21764
# Current directory: C:/Users/Dell4David/Desktop/A2S1/PCLP4_H/Proiect_Hard_Automat/project_1/project_1.runs/impl_1
# Command line: vivado.exe -log AutomatRacoritoare.vdi -applog -product Vivado -messageDb vivado.pb -mode batch -source AutomatRacoritoare.tcl -notrace
# Log file: C:/Users/Dell4David/Desktop/A2S1/PCLP4_H/Proiect_Hard_Automat/project_1/project_1.runs/impl_1/AutomatRacoritoare.vdi
# Journal file: C:/Users/Dell4David/Desktop/A2S1/PCLP4_H/Proiect_Hard_Automat/project_1/project_1.runs/impl_1\vivado.jou
# Running On: DESKTOP-M8QO7FD, OS: Windows, CPU Frequency: 2803 MHz, CPU Physical cores: 14, Host memory: 16849 MB
#-----------------------------------------------------------
source AutomatRacoritoare.tcl -notrace
