#-----------------------------------------------------------
# Vivado v2023.1 (64-bit)
# SW Build 3865809 on Sun May  7 15:05:29 MDT 2023
# IP Build 3864474 on Sun May  7 20:36:21 MDT 2023
# SharedData Build 3865790 on Sun May 07 13:33:03 MDT 2023
# Start of session at: Wed Jan 10 09:52:22 2024
# Process ID: 2708
# Current directory: C:/Users/Dell4David/Desktop/A2S1/PCLP4_H/stanciuzip/project_1
# Command line: vivado.exe -gui_launcher_event rodinguilauncherevent11376 C:\Users\Dell4David\Desktop\A2S1\PCLP4_H\stanciuzip\project_1\project_1.xpr
# Log file: C:/Users/Dell4David/Desktop/A2S1/PCLP4_H/stanciuzip/project_1/vivado.log
# Journal file: C:/Users/Dell4David/Desktop/A2S1/PCLP4_H/stanciuzip/project_1\vivado.jou
# Running On: DESKTOP-M8QO7FD, OS: Windows, CPU Frequency: 2803 MHz, CPU Physical cores: 14, Host memory: 16849 MB
#-----------------------------------------------------------
start_gui
open_project -part xc7a12ticsg325-1L C:/Users/Dell4David/Desktop/A2S1/PCLP4_H/stanciuzip/project_1/project_1.xpr
update_compile_order -fileset sources_1
